// Jest Snapshot v1, https://goo.gl/fbAQLP

exports[`A pagina de configuracao Deve ser renderizada corretamente 1`] = `
<div>
  <div
    class="sc-eDvSVe hfzyTJ"
  >
    <section>
      <h2
        class="sc-jSUZER eEwvnG"
      >
        Vamos Come√ßar!
      </h2>
      <form
        class="sc-bcXHqe dEGdZW"
      >
        <div>
          <img
            alt=""
            src="person_add.svg"
          />
          <input
            placeholder="Insira os nomes dos participantes"
            type="text"
            value=""
          />
          <button
            disabled=""
          >
            Adicionar
          </button>
        </div>
        
      </form>
      <ul
        class="sc-gswNZR daRNKY"
      />
      <footer
        class="sc-dkrFOg cAumJJ"
      >
        <button
          class="sc-hLBbgP dhOcAp"
          disabled=""
        >
          <i>
            <svg
              fill="currentColor"
              height="40"
              stroke="currentColor"
              stroke-width="0"
              viewBox="0 0 16 16"
              width="40"
              xmlns="http://www.w3.org/2000/svg"
            >
              <path
                d="M8 15A7 7 0 1 1 8 1a7 7 0 0 1 0 14zm0 1A8 8 0 1 0 8 0a8 8 0 0 0 0 16z"
              />
              <path
                d="M6.271 5.055a.5.5 0 0 1 .52.038l3.5 2.5a.5.5 0 0 1 0 .814l-3.5 2.5A.5.5 0 0 1 6 10.5v-5a.5.5 0 0 1 .271-.445z"
              />
            </svg>
          </i>
          Iniciar brincadeira!
        </button>
        <img
          alt="Imagem Sacola"
          src="sacolas.png"
        />
      </footer>
    </section>
  </div>
</div>
`;
